// Vitest Snapshot v1, https://vitest.dev/guide/snapshot.html

exports[`LocationInput renders correctly 1`] = `
<form>
  <div>
    <label>
      Location
    </label>
    <input
      list="possibleLocations"
      onChange={[Function]}
      type="text"
      value=""
    />
    <datalist
      id="possibleLocations"
    />
  </div>
  <button
    onClick={[Function]}
    type="button"
  >
    Use Current Location
  </button>
</form>
`;
