// Vitest Snapshot v1, https://vitest.dev/guide/snapshot.html

exports[`Weather renders correctly 1`] = `
<section>
  <h2>
    Forecast for 
    123 Main St, Springfield
  </h2>
  <p>
    Last updated on: 
    Sunday, August 1, 2021 at 1:00 PM
  </p>
  <article
    className="weather-card"
  >
    <img
      alt="sunny"
      src="/src/assets/images/sun.svg"
    />
    <div>
      <h3>
        Today
      </h3>
      <p>
        <span>
          <img
            alt="sun"
            src="/src/assets/images/day.svg"
          />
           
          80
          °
          F
        </span>
      </p>
      <span
        className="description"
      >
        <p>
          Sunny
        </p>
      </span>
    </div>
  </article>
</section>
`;
